[RobotSystem] Connecting to RoboMaster EP via AP...
[RobotSystem] Successfully connected to RoboMaster EP!
Front-wall stopping target: 220 mm (plus configured stop tolerance).
[Thread 1 Sensor] Auto-Locked Initial Heading: 88.64° -> 0.0°
[Thread 1 Sensor] Auto-Locked Initial Position: (0.000, 0.000) -> (0.000, 0.000)
Camera is live. Use the GUI Stop button to end the mission.
[Sign scan] Nearby W wall at 215 mm
Inspecting W wall in cell (0, 1) at yaw [-90.0, -108.0, -72.0] for 5.4s...
[Sign scan] Nearby E wall at 198 mm
Inspecting E wall in cell (0, 1) at yaw [90.0, 72.0, 108.0] for 5.4s...

  [Grid Step 1/1] Moving 1 cell forward (0.60 m)...
  [PID Centering] Case 2.1: No Front Wall + Both Side Walls (|L-R| < 2cm) | Lat Err: -26.3 mm | vy: -0.01 m/s | L: 158.1664330382004 mm | R: 131.85391320691122 mm
  [Grid Step 1/1 Done] Local Pos: (+0.60m, -0.01m) | Yaw: -0.2° | Sharp L: 136.56573709343746 mm | R: 137.31821015254673 mm | Diff: -0.8 mm | ToF: 1791.0 mm
[Sign scan] Nearby W wall at 187 mm
Inspecting W wall in cell (1, 1) at yaw [-90.0, -108.0, -72.0] for 5.4s...
[Sign scan] Nearby E wall at 204 mm
Inspecting E wall in cell (1, 1) at yaw [90.0, 72.0, 108.0] for 5.4s...

  [Grid Step 1/1] Moving 1 cell forward (0.60 m)...
  [PID Centering] Case 2.1: No Front Wall + Both Side Walls (|L-R| < 2cm) | Lat Err: -4.0 mm | vy: +0.00 m/s | L: 135.80331107924127 mm | R: 131.80158883449593 mm
  [PID Centering] Case 2.3: No Front Wall + Right Wall Only (R +- 2cm) | Lat Err: +42.4 mm | vy: +0.02 m/s | L: 239.26937692784597 mm | R: 192.425791201768 mm
  [PID Centering] Case 2.4: Open Space (No Side Walls) | Lat Err: +0.0 mm | vy: +0.00 m/s | L: 294.2210018328411 mm | R: 226.32584543842637 mm
  [Grid Step 1/1 Done] Local Pos: (+1.22m, -0.01m) | Yaw: -0.2° | Sharp L: 338.57951796783215 mm | R: 253.10849724345593 mm | Diff: N/A | ToF: 972.0 mm

  [Grid Step 1/1] Moving 1 cell forward (0.60 m)...
  [PID Centering] Case 2.3: No Front Wall + Right Wall Only (R +- 2cm) | Lat Err: +17.1 mm | vy: +0.00 m/s | L: 374.6242569216757 mm | R: 167.07597629762444 mm
  [PID Centering] Case 2.4: Open Space (No Side Walls) | Lat Err: +0.0 mm | vy: +0.00 m/s | L: 367.94748310241897 mm | R: 240.01788635951547 mm
  [Grid Step 1/1 Done] Local Pos: (+1.84m, +0.01m) | Yaw: -0.2° | Sharp L: 369.1909294558667 mm | R: 344.72336487599176 mm | Diff: N/A | ToF: 301.1073151111611 mm
[Sign scan] Nearby N wall at 291 mm
Inspecting N wall in cell (3, 1) at yaw [0.0, -18.0, 18.0] for 5.4s...

[Controller] 🔄 Executing Turn Right (เลี้ยวขวา z=-90): z=-90° -> Target Heading: 90°...
[Controller] ✅ Turn Completed: Current Yaw = +89.7° (Target Grid Heading = 90°)


  [Grid Step 1/1] Moving 1 cell forward (0.60 m)...
  [PID Centering] Case 2.3: No Front Wall + Right Wall Only (R +- 2cm) | Lat Err: +27.5 mm | vy: +0.01 m/s | L: 244.08060506392033 mm | R: 177.47012404970616 mm
  [PID Centering] Case 2.4: Open Space (No Side Walls) | Lat Err: +0.0 mm | vy: +0.00 m/s | L: 236.84545486544351 mm | R: 241.19557291556487 mm
  [PID Centering] Case 1.4: Front Wall + No Side Walls | Lat Err: +0.0 mm | vy: +0.00 m/s | L: 244.71903813485378 mm | R: 354.9110681174574 mm
  [Grid Step 1/1 Done] Local Pos: (+1.82m, +0.52m) | Yaw: +89.9° | Sharp L: 245.01644219830933 mm | R: 359.6349572402745 mm | Diff: N/A | ToF: 237.0 mm

[Controller] 🔄 Executing Turn Left (เลี้ยวซ้าย z=+90): z=+90° -> Target Heading: 0°...
[Controller] ✅ Turn Completed: Current Yaw = +0.5° (Target Grid Heading = 0°)


[Controller] 🔄 Executing Turn Right (เลี้ยวขวา z=-90): z=-90° -> Target Heading: 90°...
[Controller] ✅ Turn Completed: Current Yaw = +89.6° (Target Grid Heading = 90°)

[Sign scan] Nearby N wall at 292 mm
Inspecting N wall in cell (3, 2) at yaw [-90.0, -108.0, -72.0] for 5.4s...
[Sign scan] Nearby E wall at 231 mm
Inspecting E wall in cell (3, 2) at yaw [0.0, -18.0, 18.0] for 5.4s...

[Controller] 🔄 Executing Turn Right (เลี้ยวขวา z=-90): z=-90° -> Target Heading: -180°...
[Controller] ✅ Turn Completed: Current Yaw = +179.3° (Target Grid Heading = -180°)


  [Grid Step 1/1] Moving 1 cell forward (0.60 m)...
  [PID Centering] Case 2.2: No Front Wall + Left Wall Only (L +- 2cm) | Lat Err: -16.6 mm | vy: +0.00 m/s | L: 166.58534878241096 mm | R: 354.44555309161774 mm
  [PID Centering] Case 2.4: Open Space (No Side Walls) | Lat Err: +0.0 mm | vy: +0.00 m/s | L: 230.6735473972915 mm | R: 332.83357093221184 mm
  [PID Centering] Case 1.4: Front Wall + No Side Walls | Lat Err: +0.0 mm | vy: +0.00 m/s | L: 256.5381356996688 mm | R: 331.3955981252064 mm
  [Grid Step 1/1 Done] Local Pos: (+1.30m, +0.53m) | Yaw: +179.7° | Sharp L: 256.9477314017236 mm | R: 331.37356381998615 mm | Diff: N/A | ToF: 239.0 mm
[Sign scan] Nearby S wall at 238 mm
Inspecting S wall in cell (2, 2) at yaw [0.0, -18.0, 18.0] for 5.4s...

[Controller] 🔄 Executing Turn Left (เลี้ยวซ้าย z=+90): z=+90° -> Target Heading: 90°...
[Controller] ✅ Turn Completed: Current Yaw = +90.8° (Target Grid Heading = 90°)


  [Grid Step 1/1] Moving 1 cell forward (0.60 m)...
  [PID Centering] Case 2.3: No Front Wall + Right Wall Only (R +- 2cm) | Lat Err: +14.3 mm | vy: +0.00 m/s | L: 371.65776408345636 mm | R: 164.25330475580955 mm
  [PID Centering] Case 2.4: Open Space (No Side Walls) | Lat Err: +0.0 mm | vy: +0.00 m/s | L: 228.70076529268002 mm | R: 247.67515412742344 mm
  [PID Centering] Case 2.2: No Front Wall + Left Wall Only (L +- 2cm) | Lat Err: -46.6 mm | vy: -0.02 m/s | L: 196.5596553007929 mm | R: 273.74306623866346 mm
  [Grid Step 1/1 Done] Local Pos: (+1.30m, +1.14m) | Yaw: +89.9° | Sharp L: 147.10739040889553 mm | R: 323.36930167493557 mm | Diff: N/A | ToF: 3433.0 mm

[Controller] 🔄 Executing Turn Left (เลี้ยวซ้าย z=+90): z=+90° -> Target Heading: 0°...
[Controller] ✅ Turn Completed: Current Yaw = +0.3° (Target Grid Heading = 0°)


[Controller] 🔄 Executing Turn Right (เลี้ยวขวา z=-90): z=-90° -> Target Heading: 90°...
[Controller] ✅ Turn Completed: Current Yaw = +89.3° (Target Grid Heading = 90°)

[Sign scan] Nearby N wall at 209 mm
Inspecting N wall in cell (2, 3) at yaw [-90.0, -108.0, -72.0] for 5.4s...

[Controller] 🔄 Executing Turn Right (เลี้ยวขวา z=-90): z=-90° -> Target Heading: -180°...
[Controller] ✅ Turn Completed: Current Yaw = +179.3° (Target Grid Heading = -180°)


  [Grid Step 1/1] Moving 1 cell forward (0.60 m)...
  [PID Centering] Case 2.4: Open Space (No Side Walls) | Lat Err: +0.0 mm | vy: +0.00 m/s | L: 251.70494903028964 mm | R: 284.09692820218936 mm
  [PID Centering] Case 2.3: No Front Wall + Right Wall Only (R +- 2cm) | Lat Err: -21.4 mm | vy: -0.01 m/s | L: 269.6145673499367 mm | R: 128.63857989066236 mm
  [Grid Step 1/1 Done] Local Pos: (+0.69m, +1.18m) | Yaw: +179.7° | Sharp L: 263.3819642655169 mm | R: 53.843470674822356 mm | Diff: N/A | ToF: 899.0 mm
[Sign scan] Nearby E wall at 312 mm
Inspecting E wall in cell (1, 3) at yaw [-90.0, -108.0, -72.0] for 5.4s...
[Snapshot] Saved target photo 1/3: c1_3_E_Yellow_Horizontal_Rect_snap1.jpg
[Sign scan] Nearby W wall at 53 mm
Inspecting W wall in cell (1, 3) at yaw [90.0, 72.0, 108.0] for 5.4s...

  [Grid Step 1/1] Moving 1 cell forward (0.60 m)...
  [PID Centering] Case 2.3: No Front Wall + Right Wall Only (R +- 2cm) | Lat Err: -61.8 mm | vy: -0.03 m/s | L: 256.9406297650963 mm | R: 88.15961139048727 mm
  [PID Centering] Case 2.4: Open Space (No Side Walls) | Lat Err: +0.0 mm | vy: +0.00 m/s | L: 316.1403295158758 mm | R: 257.0981816995534 mm
  [Grid Step 1/1 Done] Local Pos: (+0.08m, +1.25m) | Yaw: +179.6° | Sharp L: 339.43096240234325 mm | R: 340.4985914242957 mm | Diff: N/A | ToF: 255.0 mm

[Controller] 🔄 Executing Turn Left (เลี้ยวซ้าย z=+90): z=+180° -> Target Heading: 0°...
[Controller] ✅ Turn Completed: Current Yaw = +0.7° (Target Grid Heading = 0°)


[Controller] 🔄 Executing Turn Left (เลี้ยวซ้าย z=+90): z=+180° -> Target Heading: -180°...
[Controller] ✅ Turn Completed: Current Yaw = -178.5° (Target Grid Heading = -180°)

[Sign scan] Nearby S wall at 271 mm
Inspecting S wall in cell (0, 3) at yaw [0.0, -18.0, 18.0] for 5.4s...

[Controller] 🔄 Executing Turn Left (เลี้ยวซ้าย z=+90): z=+90° -> Target Heading: 90°...
[Controller] ✅ Turn Completed: Current Yaw = +90.6° (Target Grid Heading = 90°)


  [Grid Step 1/1] Moving 1 cell forward (0.60 m)...
  [PID Centering] Case 2.3: No Front Wall + Right Wall Only (R +- 2cm) | Lat Err: +47.5 mm | vy: +0.02 m/s | L: 329.89787496545534 mm | R: 197.49915048004723 mm
  [PID Centering] Case 2.1: No Front Wall + Both Side Walls (|L-R| < 2cm) | Lat Err: -20.7 mm | vy: -0.01 m/s | L: 207.26671113838543 mm | R: 186.5742438117209 mm
  [Grid Step 1/1 Done] Local Pos: (+0.05m, +1.87m) | Yaw: +89.8° | Sharp L: 143.7129361816485 mm | R: 163.60940690015576 mm | Diff: -19.9 mm | ToF: 981.0 mm
[Sign scan] Nearby N wall at 217 mm
Inspecting N wall in cell (0, 4) at yaw [-90.0, -108.0, -72.0] for 5.4s...
[Snapshot] Saved target photo 1/3: c0_4_N_Yellow_Circle_snap1.jpg
[Snapshot] Saved target photo 2/3: c0_4_N_Yellow_Circle_snap2.jpg
[Snapshot] Saved target photo 3/3: c0_4_N_Yellow_Circle_snap3.jpg
[Snapshot] Saved target photo 1/3: c0_4_N_Yellow_Square_snap1.jpg
[Snapshot] Saved target photo 2/3: c0_4_N_Yellow_Square_snap2.jpg
[Snapshot] Saved target photo 3/3: c0_4_N_Yellow_Square_snap3.jpg
[Target fire] N wall: 2 confirmed sign(s).
[Sign scan] Nearby S wall at 206 mm
Inspecting S wall in cell (0, 4) at yaw [90.0, 72.0, 108.0] for 5.4s...

  [Grid Step 1/1] Moving 1 cell forward (0.60 m)...
  [PID Centering] Case 2.1: No Front Wall + Both Side Walls (|L-R| < 2cm) | Lat Err: -14.9 mm | vy: +0.00 m/s | L: 163.20704745818037 mm | R: 148.3265617693499 mm
  [PID Centering] Case 2.3: No Front Wall + Right Wall Only (R +- 2cm) | Lat Err: -13.7 mm | vy: +0.00 m/s | L: 229.08960816127896 mm | R: 136.32112265665654 mm
  [Grid Step 1/1 Done] Local Pos: (+0.07m, +2.48m) | Yaw: +89.8° | Sharp L: 367.32009446005975 mm | R: 56.131821741834244 mm | Diff: N/A | ToF: 299.0 mm

[Controller] 🔄 Executing Turn Left (เลี้ยวซ้าย z=+90): z=+90° -> Target Heading: 0°...
[Controller] ✅ Turn Completed: Current Yaw = +0.5° (Target Grid Heading = 0°)


[Controller] 🔄 Executing Turn Right (เลี้ยวขวา z=-90): z=-90° -> Target Heading: 90°...
[Controller] ✅ Turn Completed: Current Yaw = +88.9° (Target Grid Heading = 90°)

[Sign scan] Nearby S wall at 192 mm
Inspecting S wall in cell (0, 5) at yaw [90.0, 72.0, 108.0] for 5.4s...
[Snapshot] Saved target photo 1/3: c0_5_S_Red_Circle_snap1.jpg
[Snapshot] Saved target photo 2/3: c0_5_S_Red_Circle_snap2.jpg
[Snapshot] Saved target photo 3/3: c0_5_S_Red_Circle_snap3.jpg
[Target fire] S wall: 1 confirmed sign(s).
[Sign scan] Nearby E wall at 301 mm
Inspecting E wall in cell (0, 5) at yaw [0.0, -18.0, 18.0] for 5.4s...

[Controller] 🔄 Executing Turn Left (เลี้ยวซ้าย z=+90): z=+90° -> Target Heading: 0°...
[Controller] ✅ Turn Completed: Current Yaw = -0.2° (Target Grid Heading = 0°)


  [Grid Step 1/1] Moving 1 cell forward (0.60 m)...
  [PID Centering] Case 2.4: Open Space (No Side Walls) | Lat Err: +0.0 mm | vy: +0.00 m/s | L: 312.4684969011762 mm | R: 237.57704444594307 mm
  [Grid Step 1/1 Done] Local Pos: (+0.70m, +2.48m) | Yaw: -0.4° | Sharp L: 341.07575166325 mm | R: 220.1837679407052 mm | Diff: N/A | ToF: 246.0 mm
[Sign scan] Nearby E wall at 304 mm
Inspecting E wall in cell (1, 5) at yaw [90.0, 72.0, 108.0] for 5.4s...
[Sign scan] Nearby N wall at 253 mm
Inspecting N wall in cell (1, 5) at yaw [0.0, -18.0, 18.0] for 5.4s...
[Snapshot] Saved target photo 1/3: c1_5_N_Red_Square_snap1.jpg
[Snapshot] Saved target photo 2/3: c1_5_N_Red_Square_snap2.jpg
[Snapshot] Saved target photo 3/3: c1_5_N_Red_Square_snap3.jpg
[Snapshot] Saved target photo 1/3: c1_5_N_Red_Horizontal_Rect_snap1.jpg
[Snapshot] Saved target photo 2/3: c1_5_N_Red_Horizontal_Rect_snap2.jpg
[Snapshot] Saved target photo 3/3: c1_5_N_Red_Horizontal_Rect_snap3.jpg
[Snapshot] Saved target photo 1/3: c1_5_N_Green_Square_snap1.jpg
[Snapshot] Saved target photo 2/3: c1_5_N_Green_Square_snap2.jpg
[Snapshot] Saved target photo 3/3: c1_5_N_Green_Square_snap3.jpg
[Target fire] Holding Gimbal on Green Square for 1.0s after burst
[Target fire] Green Square in cell (1, 5): water_fire x3 at yaw 35.9, pitch -11.0
[Target fire] N wall: 1 confirmed sign(s).

[Controller] 🔄 Executing Turn Left (เลี้ยวซ้าย z=+90): z=+90° -> Target Heading: -90°...
[Controller] ✅ Turn Completed: Current Yaw = -89.4° (Target Grid Heading = -90°)


  [Grid Step 1/1] Moving 1 cell forward (0.60 m)...
  [PID Centering] Case 2.3: No Front Wall + Right Wall Only (R +- 2cm) | Lat Err: +62.2 mm | vy: +0.03 m/s | L: 346.0842857225425 mm | R: 212.2390040812989 mm
  [PID Centering] Case 1.1: Front Wall + Both Side Walls (|L-R| < 2cm) | Lat Err: -31.3 mm | vy: -0.01 m/s | L: 219.7332128701799 mm | R: 188.48097885393662 mm
  [Grid Step 1/1 Done] Local Pos: (+0.72m, +1.99m) | Yaw: -90.3° | Sharp L: 186.11378600365353 mm | R: 186.48150623035582 mm | Diff: -0.4 mm | ToF: 237.0 mm

[Controller] 🔄 Executing Turn Right (เลี้ยวขวา z=-90): z=-90° -> Target Heading: 0°...
[Controller] ✅ Turn Completed: Current Yaw = -1.4° (Target Grid Heading = 0°)


[Controller] 🔄 Executing Turn Left (เลี้ยวซ้าย z=+90): z=+90° -> Target Heading: -90°...
[Controller] ✅ Turn Completed: Current Yaw = -90.5° (Target Grid Heading = -90°)

[Sign scan] Nearby S wall at 198 mm
Inspecting S wall in cell (1, 4) at yaw [-90.0, -108.0, -72.0] for 5.4s...
[Sign scan] Nearby N wall at 218 mm
Inspecting N wall in cell (1, 4) at yaw [90.0, 72.0, 108.0] for 5.4s...
[Sign scan] Nearby W wall at 210 mm
Inspecting W wall in cell (1, 4) at yaw [0.0, -18.0, 18.0] for 5.4s...

[Controller] 🔄 Executing Turn Left (เลี้ยวซ้าย z=+90): z=+180° -> Target Heading: 90°...
[Controller] ✅ Turn Completed: Current Yaw = +90.2° (Target Grid Heading = 90°)


  [Grid Step 1/1] Moving 1 cell forward (0.60 m)...
  [PID Centering] Case 2.1: No Front Wall + Both Side Walls (|L-R| < 2cm) | Lat Err: -76.2 mm | vy: -0.04 m/s | L: 189.46496279464748 mm | R: 113.289669089722 mm
  [PID Centering] Case 2.2: No Front Wall + Left Wall Only (L +- 2cm) | Lat Err: -1.0 mm | vy: +0.00 m/s | L: 150.9847604713637 mm | R: 245.7458648036709 mm
  [PID Centering] Case 1.2: Front Wall + Left Wall Only (L +- 2cm) | Lat Err: +17.8 mm | vy: +0.00 m/s | L: 132.1791990270218 mm | R: 351.6339610037485 mm
  [Grid Step 1/1 Done] Local Pos: (+0.75m, +2.53m) | Yaw: +89.7° | Sharp L: 68.05069620646782 mm | R: 329.1721027275609 mm | Diff: N/A | ToF: 240.0 mm

[Controller] 🔄 Executing Turn Right (เลี้ยวขวา z=-90): z=-90° -> Target Heading: -180°...
[Controller] ✅ Turn Completed: Current Yaw = +179.2° (Target Grid Heading = -180°)


  [Grid Step 1/1] Moving 1 cell forward (0.60 m)...
  [PID Centering] Case 2.2: No Front Wall + Left Wall Only (L +- 2cm) | Lat Err: -8.3 mm | vy: +0.00 m/s | L: 158.32535875210408 mm | R: 311.099397779079 mm
  [PID Centering] Case 2.1: No Front Wall + Both Side Walls (|L-R| < 2cm) | Lat Err: +51.6 mm | vy: +0.03 m/s | L: 167.92543383051503 mm | R: 219.5727364829285 mm
  [PID Centering] Case 2.2: No Front Wall + Left Wall Only (L +- 2cm) | Lat Err: -16.8 mm | vy: +0.00 m/s | L: 166.76738719942853 mm | R: 238.03438263486086 mm
  [PID Centering] Case 1.2: Front Wall + Left Wall Only (L +- 2cm) | Lat Err: -14.0 mm | vy: +0.00 m/s | L: 164.04166006754707 mm | R: 280.33176201907725 mm
  [Grid Step 1/1 Done] Local Pos: (+0.14m, +2.54m) | Yaw: +179.9° | Sharp L: 164.04125285997384 mm | R: 280.3384082353903 mm | Diff: N/A | ToF: 249.0 mm

[Controller] 🔄 Executing Turn Left (เลี้ยวซ้าย z=+90): z=+180° -> Target Heading: 0°...
[Controller] ✅ Turn Completed: Current Yaw = +0.3° (Target Grid Heading = 0°)


[Controller] 🔄 Executing Turn Left (เลี้ยวซ้าย z=+90): z=+180° -> Target Heading: -180°...
[Controller] ✅ Turn Completed: Current Yaw = -178.8° (Target Grid Heading = -180°)


[Controller] 🔄 Executing Turn Right (เลี้ยวขวา z=-90): z=-90° -> Target Heading: -90°...
[Controller] ✅ Turn Completed: Current Yaw = -89.9° (Target Grid Heading = -90°)


  [Grid Step 1/1] Moving 1 cell forward (0.60 m)...
  [PID Centering] Case 2.2: No Front Wall + Left Wall Only (L +- 2cm) | Lat Err: +13.4 mm | vy: +0.00 m/s | L: 136.57405977819946 mm | R: 362.74316573228657 mm
  [PID Centering] Case 2.1: No Front Wall + Both Side Walls (|L-R| < 2cm) | Lat Err: -25.8 mm | vy: -0.02 m/s | L: 196.77844836268542 mm | R: 170.9874024433958 mm
  [Grid Step 1/1 Done] Local Pos: (+0.08m, +1.92m) | Yaw: -90.2° | Sharp L: 170.6073432650627 mm | R: 142.74509384108154 mm | Diff: +27.9 mm | ToF: 1592.0 mm

  [Grid Step 1/1] Moving 1 cell forward (0.60 m)...
  [PID Centering] Case 2.1: No Front Wall + Both Side Walls (|L-R| < 2cm) | Lat Err: -0.5 mm | vy: +0.00 m/s | L: 157.62988101246015 mm | R: 157.12762153319107 mm
  [PID Centering] Case 2.2: No Front Wall + Left Wall Only (L +- 2cm) | Lat Err: +3.8 mm | vy: +0.00 m/s | L: 146.1676449900047 mm | R: 221.92053665946662 mm
  [Grid Step 1/1 Done] Local Pos: (+0.07m, +1.32m) | Yaw: -90.3° | Sharp L: 148.81757646548073 mm | R: 295.7741143521321 mm | Diff: N/A | ToF: 874.0 mm

[Controller] 🔄 Executing Turn Right (เลี้ยวขวา z=-90): z=-90° -> Target Heading: 0°...
[Controller] ✅ Turn Completed: Current Yaw = -1.2° (Target Grid Heading = 0°)


[Controller] 🔄 Executing Turn Left (เลี้ยวซ้าย z=+90): z=+90° -> Target Heading: -90°...
[Controller] ✅ Turn Completed: Current Yaw = -90.4° (Target Grid Heading = -90°)


  [Grid Step 1/1] Moving 1 cell forward (0.60 m)...
  [PID Centering] Case 2.2: No Front Wall + Left Wall Only (L +- 2cm) | Lat Err: -8.3 mm | vy: +0.00 m/s | L: 158.28509940283163 mm | R: 315.56511095324544 mm
  [PID Centering] Case 1.2: Front Wall + Left Wall Only (L +- 2cm) | Lat Err: +6.4 mm | vy: +0.00 m/s | L: 143.56856116108708 mm | R: 329.7817754957857 mm
  [Grid Step 1/1 Done] Local Pos: (+0.07m, +0.72m) | Yaw: -90.3° | Sharp L: 144.75014207916593 mm | R: 328.7554148383414 mm | Diff: N/A | ToF: 236.0 mm
[Sign scan] Nearby S wall at 197 mm
Inspecting S wall in cell (0, 2) at yaw [-90.0, -108.0, -72.0] for 5.4s...
[Sign scan] Nearby W wall at 219 mm
Inspecting W wall in cell (0, 2) at yaw [0.0, -18.0, 18.0] for 5.4s...

[Controller] 🔄 Executing Turn Right (เลี้ยวขวา z=-90): z=-90° -> Target Heading: 0°...
[Controller] ✅ Turn Completed: Current Yaw = -0.6° (Target Grid Heading = 0°)


  [Grid Step 1/1] Moving 1 cell forward (0.60 m)...
  [PID Centering] Case 2.2: No Front Wall + Left Wall Only (L +- 2cm) | Lat Err: -17.0 mm | vy: +0.00 m/s | L: 166.95326547317234 mm | R: 300.93808017392314 mm
  [PID Centering] Case 2.1: No Front Wall + Both Side Walls (|L-R| < 2cm) | Lat Err: +24.7 mm | vy: +0.01 m/s | L: 163.26491137705807 mm | R: 187.96765609992457 mm
  [PID Centering] Case 1.1: Front Wall + Both Side Walls (|L-R| < 2cm) | Lat Err: -56.1 mm | vy: -0.03 m/s | L: 170.7646738929596 mm | R: 114.71138428221064 mm
  [Grid Step 1/1 Done] Local Pos: (+0.68m, +0.68m) | Yaw: -0.2° | Sharp L: 163.12247977046627 mm | R: 124.92380069618616 mm | Diff: +38.2 mm | ToF: 228.0 mm
[Sign scan] Nearby W wall at 197 mm
Inspecting W wall in cell (1, 2) at yaw [-90.0, -108.0, -72.0] for 5.4s...
[Sign scan] Nearby E wall at 206 mm
Inspecting E wall in cell (1, 2) at yaw [90.0, 72.0, 108.0] for 5.4s...
[Sign scan] Nearby N wall at 227 mm
Inspecting N wall in cell (1, 2) at yaw [0.0, -18.0, 18.0] for 5.4s...
[Snapshot] Saved target photo 1/3: c1_2_N_Blue_Circle_snap1.jpg
[Snapshot] Saved target photo 1/3: c1_2_N_Green_Vertical_Rect_snap1.jpg
[Snapshot] Saved target photo 2/3: c1_2_N_Blue_Circle_snap2.jpg
[Snapshot] Saved target photo 2/3: c1_2_N_Green_Vertical_Rect_snap2.jpg
[Snapshot] Saved target photo 3/3: c1_2_N_Blue_Circle_snap3.jpg
[Snapshot] Saved target photo 3/3: c1_2_N_Green_Vertical_Rect_snap3.jpg
[Target fire] N wall: 2 confirmed sign(s).

[Controller] 🔄 Executing Turn Left (เลี้ยวซ้าย z=+90): z=+180° -> Target Heading: -180°...
[Controller] ✅ Turn Completed: Current Yaw = -179.8° (Target Grid Heading = -180°)


  [Grid Step 1/1] Moving 1 cell forward (0.60 m)...
  [PID Centering] Case 2.1: No Front Wall + Both Side Walls (|L-R| < 2cm) | Lat Err: -22.1 mm | vy: -0.01 m/s | L: 153.23091971900107 mm | R: 131.18024946235073 mm
  [PID Centering] Case 2.3: No Front Wall + Right Wall Only (R +- 2cm) | Lat Err: -17.1 mm | vy: +0.00 m/s | L: 237.8538588057952 mm | R: 132.9103907743338 mm
  [PID Centering] Case 1.3: Front Wall + Right Wall Only (R +- 2cm) | Lat Err: -13.3 mm | vy: +0.00 m/s | L: 307.57913531141764 mm | R: 136.71859131257008 mm
  [Grid Step 1/1 Done] Local Pos: (+0.10m, +0.71m) | Yaw: +179.8° | Sharp L: 308.04713690906976 mm | R: 141.2467628636906 mm | Diff: N/A | ToF: 237.0 mm

[Controller] 🔄 Executing Turn Left (เลี้ยวซ้าย z=+90): z=+90° -> Target Heading: 90°...
[Controller] ✅ Turn Completed: Current Yaw = +90.6° (Target Grid Heading = 90°)


  [Grid Step 1/1] Moving 1 cell forward (0.60 m)...
  [PID Centering] Case 2.3: No Front Wall + Right Wall Only (R +- 2cm) | Lat Err: +28.1 mm | vy: +0.01 m/s | L: 352.6092235041023 mm | R: 178.07658328828927 mm
  [Grid Step 1/1 Done] Local Pos: (+0.08m, +1.31m) | Yaw: +89.9° | Sharp L: 307.2614646094649 mm | R: 167.073372315548 mm | Diff: N/A | ToF: 1668.0 mm

[Controller] 🔄 Executing Turn Left (เลี้ยวซ้าย z=+90): z=+90° -> Target Heading: 0°...
[Controller] ✅ Turn Completed: Current Yaw = +0.6° (Target Grid Heading = 0°)


[Controller] 🔄 Executing Turn Right (เลี้ยวขวา z=-90): z=-90° -> Target Heading: 90°...
[Controller] ✅ Turn Completed: Current Yaw = +89.9° (Target Grid Heading = 90°)


[Controller] 🔄 Executing Turn Left (เลี้ยวซ้าย z=+90): z=+90° -> Target Heading: 0°...
[Controller] ✅ Turn Completed: Current Yaw = +0.5° (Target Grid Heading = 0°)


  [Grid Step 1/1] Moving 1 cell forward (0.60 m)...
  [PID Centering] Case 2.4: Open Space (No Side Walls) | Lat Err: +0.0 mm | vy: +0.00 m/s | L: 365.0712136198177 mm | R: 327.2374436841144 mm
  [PID Centering] Case 2.1: No Front Wall + Both Side Walls (|L-R| < 2cm) | Lat Err: -20.2 mm | vy: -0.01 m/s | L: 219.1866604389013 mm | R: 198.95852397204732 mm
  [Grid Step 1/1 Done] Local Pos: (+0.71m, +1.33m) | Yaw: -0.3° | Sharp L: 147.24566154011188 mm | R: 147.7699436736263 mm | Diff: -0.5 mm | ToF: 907.0 mm

  [Grid Step 1/1] Moving 1 cell forward (0.60 m)...
  [PID Centering] Case 2.1: No Front Wall + Both Side Walls (|L-R| < 2cm) | Lat Err: +3.7 mm | vy: +0.00 m/s | L: 142.6708270215915 mm | R: 146.35471511149296 mm
  [PID Centering] Case 2.3: No Front Wall + Right Wall Only (R +- 2cm) | Lat Err: +37.8 mm | vy: +0.02 m/s | L: 225.92669471031945 mm | R: 187.80649170042892 mm
  [PID Centering] Case 1.3: Front Wall + Right Wall Only (R +- 2cm) | Lat Err: +33.8 mm | vy: +0.02 m/s | L: 299.67504196887074 mm | R: 183.76416636938183 mm
  [Grid Step 1/1 Done] Local Pos: (+1.32m, +1.37m) | Yaw: -0.3° | Sharp L: 307.8050562870296 mm | R: 170.88285632920469 mm | Diff: N/A | ToF: 227.0 mm

[Controller] 🔄 Executing Turn Right (เลี้ยวขวา z=-90): z=-90° -> Target Heading: 90°...
[Controller] ✅ Turn Completed: Current Yaw = +89.3° (Target Grid Heading = 90°)


  [Grid Step 1/1] Moving 1 cell forward (0.60 m)...
  [PID Centering] Case 2.2: No Front Wall + Left Wall Only (L +- 2cm) | Lat Err: -33.3 mm | vy: -0.02 m/s | L: 183.31018709993114 mm | R: 319.98058537625246 mm
  [PID Centering] Case 2.1: No Front Wall + Both Side Walls (|L-R| < 2cm) | Lat Err: +49.6 mm | vy: +0.02 m/s | L: 165.80084025586737 mm | R: 215.38021364346093 mm
  [Grid Step 1/1 Done] Local Pos: (+1.36m, +1.99m) | Yaw: +89.9° | Sharp L: 147.29656451679404 mm | R: 114.88746568815628 mm | Diff: +32.4 mm | ToF: 2289.0 mm
[Sign scan] Nearby N wall at 192 mm
Inspecting N wall in cell (2, 4) at yaw [-90.0, -108.0, -72.0] for 5.4s...
[Sign scan] Nearby S wall at 197 mm
Inspecting S wall in cell (2, 4) at yaw [90.0, 72.0, 108.0] for 5.4s...

  [Grid Step 1/1] Moving 1 cell forward (0.60 m)...
  [PID Centering] Case 2.1: No Front Wall + Both Side Walls (|L-R| < 2cm) | Lat Err: +4.9 mm | vy: +0.00 m/s | L: 131.5029170150882 mm | R: 136.39980046139937 mm
  [PID Centering] Case 2.3: No Front Wall + Right Wall Only (R +- 2cm) | Lat Err: -10.6 mm | vy: +0.00 m/s | L: 220.33053949863438 mm | R: 139.4260279536138 mm
  [Grid Step 1/1 Done] Local Pos: (+1.35m, +2.59m) | Yaw: +89.8° | Sharp L: 309.06005291829626 mm | R: 127.25715234934859 mm | Diff: N/A | ToF: 2458.0 mm

[Controller] 🔄 Executing Turn Left (เลี้ยวซ้าย z=+90): z=+90° -> Target Heading: 0°...
[Controller] ✅ Turn Completed: Current Yaw = +0.6° (Target Grid Heading = 0°)


[Controller] 🔄 Executing Turn Right (เลี้ยวขวา z=-90): z=-90° -> Target Heading: 90°...
[Controller] ✅ Turn Completed: Current Yaw = +89.4° (Target Grid Heading = 90°)

[Sign scan] Nearby S wall at 193 mm
Inspecting S wall in cell (2, 5) at yaw [90.0, 72.0, 108.0] for 5.4s...

[Controller] 🔄 Executing Turn Left (เลี้ยวซ้าย z=+90): z=+90° -> Target Heading: 0°...
[Controller] ✅ Turn Completed: Current Yaw = +0.4° (Target Grid Heading = 0°)


  [Grid Step 1/1] Moving 1 cell forward (0.60 m)...
  [PID Centering] Case 2.3: No Front Wall + Right Wall Only (R +- 2cm) | Lat Err: +53.4 mm | vy: +0.03 m/s | L: 302.28583761838996 mm | R: 203.38755805759652 mm
  [Grid Step 1/1 Done] Local Pos: (+1.96m, +2.63m) | Yaw: -0.2° | Sharp L: 277.54327868860537 mm | R: 162.1001863119559 mm | Diff: N/A | ToF: 1996.0 mm
[Sign scan] Nearby E wall at 204 mm
Inspecting E wall in cell (3, 5) at yaw [90.0, 72.0, 108.0] for 5.4s...
[Snapshot] Saved target photo 1/3: c3_5_E_Yellow_Circle_snap1.jpg

  [Grid Step 1/1] Moving 1 cell forward (0.60 m)...
  [PID Centering] Case 2.3: No Front Wall + Right Wall Only (R +- 2cm) | Lat Err: +1.3 mm | vy: +0.00 m/s | L: 303.49550465046786 mm | R: 151.31012185372668 mm
  [PID Centering] Case 2.1: No Front Wall + Both Side Walls (|L-R| < 2cm) | Lat Err: -62.2 mm | vy: -0.03 m/s | L: 205.9907237887672 mm | R: 143.77949072830165 mm
  [Grid Step 1/1 Done] Local Pos: (+2.60m, +2.60m) | Yaw: -0.2° | Sharp L: 165.3921486560138 mm | R: 155.06571444856633 mm | Diff: +10.3 mm | ToF: 1029.0 mm
[Sign scan] Nearby W wall at 212 mm
Inspecting W wall in cell (4, 5) at yaw [-90.0, -108.0, -72.0] for 5.4s...
[Sign scan] Nearby E wall at 236 mm
Inspecting E wall in cell (4, 5) at yaw [90.0, 72.0, 108.0] for 5.4s...

  [Grid Step 1/1] Moving 1 cell forward (0.60 m)...
  [PID Centering] Case 2.1: No Front Wall + Both Side Walls (|L-R| < 2cm) | Lat Err: +30.0 mm | vy: +0.02 m/s | L: 147.1312051802547 mm | R: 177.14746976249376 mm
  [PID Centering] Case 2.3: No Front Wall + Right Wall Only (R +- 2cm) | Lat Err: -24.5 mm | vy: -0.01 m/s | L: 242.61178734100696 mm | R: 125.4896653523428 mm
  [Grid Step 1/1 Done] Local Pos: (+3.22m, +2.63m) | Yaw: -0.3° | Sharp L: 301.0134664053499 mm | R: 113.2965373971494 mm | Diff: N/A | ToF: 243.0 mm
[Sign scan] Nearby E wall at 227 mm
Inspecting E wall in cell (5, 5) at yaw [90.0, 72.0, 108.0] for 5.4s...
[Snapshot] Saved target photo 1/3: c5_5_E_Green_Horizontal_Rect_snap1.jpg
[Snapshot] Saved target photo 2/3: c5_5_E_Green_Horizontal_Rect_snap2.jpg
[Snapshot] Saved target photo 3/3: c5_5_E_Green_Horizontal_Rect_snap3.jpg
[Snapshot] Saved target photo 1/3: c5_5_E_Red_Circle_snap1.jpg
[Snapshot] Saved target photo 2/3: c5_5_E_Red_Circle_snap2.jpg
[Snapshot] Saved target photo 3/3: c5_5_E_Red_Circle_snap3.jpg
[Snapshot] Saved target photo 1/3: c5_5_E_Blue_Vertical_Rect_snap1.jpg
[Snapshot] Saved target photo 2/3: c5_5_E_Blue_Vertical_Rect_snap2.jpg
[Snapshot] Saved target photo 3/3: c5_5_E_Blue_Vertical_Rect_snap3.jpg
[Target fire] E wall: 3 confirmed sign(s).
[Sign scan] Nearby N wall at 248 mm
Inspecting N wall in cell (5, 5) at yaw [0.0, -18.0, 18.0] for 5.4s...
[Snapshot] Saved target photo 1/3: c5_5_N_Green_Square_snap1.jpg
[Snapshot] Saved target photo 1/3: c5_5_N_Yellow_Vertical_Rect_snap1.jpg
[Snapshot] Saved target photo 2/3: c5_5_N_Green_Square_snap2.jpg
[Snapshot] Saved target photo 3/3: c5_5_N_Green_Square_snap3.jpg
[Snapshot] Saved target photo 2/3: c5_5_N_Yellow_Vertical_Rect_snap2.jpg
[Target fire] Holding Gimbal on Green Square for 1.0s after burst
[Target fire] Green Square in cell (5, 5): water_fire x3 at yaw -4.8, pitch -10.8
[Snapshot] Saved target photo 1/3: c5_5_N_Green_Circle_snap1.jpg
[Snapshot] Saved target photo 2/3: c5_5_N_Green_Circle_snap2.jpg
[Snapshot] Saved target photo 3/3: c5_5_N_Green_Circle_snap3.jpg
[Snapshot] Saved target photo 3/3: c5_5_N_Yellow_Vertical_Rect_snap3.jpg
[Target fire] N wall: 3 confirmed sign(s).

[Controller] 🔄 Executing Turn Left (เลี้ยวซ้าย z=+90): z=+90° -> Target Heading: -90°...
[Controller] ✅ Turn Completed: Current Yaw = -90.0° (Target Grid Heading = -90°)


  [Grid Step 1/1] Moving 1 cell forward (0.60 m)...
  [PID Centering] Case 2.3: No Front Wall + Right Wall Only (R +- 2cm) | Lat Err: +45.6 mm | vy: +0.02 m/s | L: 295.42425679957387 mm | R: 195.56975808393565 mm
  [PID Centering] Case 2.1: No Front Wall + Both Side Walls (|L-R| < 2cm) | Lat Err: -25.0 mm | vy: -0.01 m/s | L: 199.15198462076896 mm | R: 174.1236118526059 mm
  [Grid Step 1/1 Done] Local Pos: (+3.27m, +2.03m) | Yaw: -90.2° | Sharp L: 142.07944970625783 mm | R: 158.51064769119824 mm | Diff: -16.4 mm | ToF: 1550.0 mm

[Controller] 🔄 Executing Turn Right (เลี้ยวขวา z=-90): z=-90° -> Target Heading: 0°...
[Controller] ✅ Turn Completed: Current Yaw = -1.1° (Target Grid Heading = 0°)


[Controller] 🔄 Executing Turn Left (เลี้ยวซ้าย z=+90): z=+90° -> Target Heading: -90°...
[Controller] ✅ Turn Completed: Current Yaw = -90.5° (Target Grid Heading = -90°)

[Sign scan] Nearby S wall at 199 mm
Inspecting S wall in cell (5, 4) at yaw [-90.0, -108.0, -72.0] for 5.4s...
[Sign scan] Nearby N wall at 205 mm
Inspecting N wall in cell (5, 4) at yaw [90.0, 72.0, 108.0] for 5.4s...

  [Grid Step 1/1] Moving 1 cell forward (0.60 m)...
  [PID Centering] Case 2.1: No Front Wall + Both Side Walls (|L-R| < 2cm) | Lat Err: -1.6 mm | vy: +0.00 m/s | L: 148.72242220885732 mm | R: 147.14674625376296 mm
  [PID Centering] Case 2.3: No Front Wall + Right Wall Only (R +- 2cm) | Lat Err: +4.6 mm | vy: +0.00 m/s | L: 237.70705819951803 mm | R: 154.5925924507183 mm
  [Grid Step 1/1 Done] Local Pos: (+3.26m, +1.39m) | Yaw: -90.2° | Sharp L: 318.3532083498402 mm | R: 153.87773782471726 mm | Diff: N/A | ToF: 836.0 mm
[Sign scan] Nearby N wall at 216 mm
Inspecting N wall in cell (5, 3) at yaw [90.0, 72.0, 108.0] for 5.4s...

[Controller] 🔄 Executing Turn Left (เลี้ยวซ้าย z=+90): z=+90° -> Target Heading: -180°...
[Controller] ✅ Turn Completed: Current Yaw = -179.4° (Target Grid Heading = -180°)


  [Grid Step 1/1] Moving 1 cell forward (0.60 m)...
  [PID Centering] Case 2.4: Open Space (No Side Walls) | Lat Err: +0.0 mm | vy: +0.00 m/s | L: 325.87143665814335 mm | R: 343.342187882706 mm
  [PID Centering] Case 2.2: No Front Wall + Left Wall Only (L +- 2cm) | Lat Err: -63.4 mm | vy: -0.03 m/s | L: 213.38518725119292 mm | R: 309.16567718982407 mm
  [Grid Step 1/1 Done] Local Pos: (+2.65m, +1.37m) | Yaw: +179.8° | Sharp L: 153.44724021788028 mm | R: 312.97236428293917 mm | Diff: N/A | ToF: 913.0 mm

[Controller] 🔄 Executing Turn Left (เลี้ยวซ้าย z=+90): z=+180° -> Target Heading: 0°...
[Controller] ✅ Turn Completed: Current Yaw = +0.7° (Target Grid Heading = 0°)


[Controller] 🔄 Executing Turn Left (เลี้ยวซ้าย z=+90): z=+180° -> Target Heading: -180°...
[Controller] ✅ Turn Completed: Current Yaw = -178.6° (Target Grid Heading = -180°)

[Sign scan] Nearby E wall at 223 mm
Inspecting E wall in cell (4, 3) at yaw [-90.0, -108.0, -72.0] for 5.4s...

  [Grid Step 1/1] Moving 1 cell forward (0.60 m)...
  [PID Centering] Case 2.2: No Front Wall + Left Wall Only (L +- 2cm) | Lat Err: -16.6 mm | vy: +0.00 m/s | L: 166.55510918253736 mm | R: 288.99077399999555 mm
  [PID Centering] Case 2.3: No Front Wall + Right Wall Only (R +- 2cm) | Lat Err: +45.0 mm | vy: +0.02 m/s | L: 241.5239589495976 mm | R: 195.04783789643187 mm
  [PID Centering] Case 1.3: Front Wall + Right Wall Only (R +- 2cm) | Lat Err: -15.9 mm | vy: +0.00 m/s | L: 322.03138361314467 mm | R: 134.12710389966185 mm
  [Grid Step 1/1 Done] Local Pos: (+2.02m, +1.37m) | Yaw: +179.8° | Sharp L: 322.0411956070889 mm | R: 134.13419313478482 mm | Diff: N/A | ToF: 246.0 mm
[Sign scan] Nearby W wall at 199 mm
Inspecting W wall in cell (3, 3) at yaw [90.0, 72.0, 108.0] for 5.4s...
[Snapshot] Saved target photo 1/3: c3_3_W_Red_Circle_snap1.jpg
[Snapshot] Saved target photo 2/3: c3_3_W_Red_Circle_snap2.jpg
[Snapshot] Saved target photo 3/3: c3_3_W_Red_Circle_snap3.jpg
[Sign scan] Nearby S wall at 232 mm
Inspecting S wall in cell (3, 3) at yaw [0.0, -18.0, 18.0] for 5.4s...
[Snapshot] Saved target photo 1/3: c3_3_S_Blue_Vertical_Rect_snap1.jpg
[Snapshot] Saved target photo 1/3: c3_3_S_Yellow_Square_snap1.jpg
[Snapshot] Saved target photo 2/3: c3_3_S_Blue_Vertical_Rect_snap2.jpg
[Snapshot] Saved target photo 2/3: c3_3_S_Yellow_Square_snap2.jpg
[Snapshot] Saved target photo 3/3: c3_3_S_Blue_Vertical_Rect_snap3.jpg
[Snapshot] Saved target photo 3/3: c3_3_S_Yellow_Square_snap3.jpg
[Snapshot] Saved target photo 1/3: c3_3_S_Red_Circle_snap1.jpg
[Snapshot] Saved target photo 2/3: c3_3_S_Red_Circle_snap2.jpg
[Snapshot] Saved target photo 3/3: c3_3_S_Red_Circle_snap3.jpg
[Target fire] S wall: 3 confirmed sign(s).

[Controller] 🔄 Executing Turn Left (เลี้ยวซ้าย z=+90): z=+90° -> Target Heading: 90°...
[Controller] ✅ Turn Completed: Current Yaw = +90.8° (Target Grid Heading = 90°)


  [Grid Step 1/1] Moving 1 cell forward (0.60 m)...
  [PID Centering] Case 2.3: No Front Wall + Right Wall Only (R +- 2cm) | Lat Err: -26.1 mm | vy: -0.01 m/s | L: 365.40219879895216 mm | R: 123.93647398777495 mm
  [PID Centering] Case 2.1: No Front Wall + Both Side Walls (|L-R| < 2cm) | Lat Err: -18.2 mm | vy: +0.00 m/s | L: 205.60429100493846 mm | R: 187.43977393848905 mm
  [Grid Step 1/1 Done] Local Pos: (+1.99m, +1.99m) | Yaw: +89.7° | Sharp L: 131.07581958975857 mm | R: 173.43608844031615 mm | Diff: -42.4 mm | ToF: 900.0 mm

[Controller] 🔄 Executing Turn Left (เลี้ยวซ้าย z=+90): z=+90° -> Target Heading: 0°...
[Controller] ✅ Turn Completed: Current Yaw = +0.7° (Target Grid Heading = 0°)


[Controller] 🔄 Executing Turn Right (เลี้ยวขวา z=-90): z=-90° -> Target Heading: 90°...
[Controller] ✅ Turn Completed: Current Yaw = +89.7° (Target Grid Heading = 90°)

[Sign scan] Nearby N wall at 216 mm
Inspecting N wall in cell (3, 4) at yaw [-90.0, -108.0, -72.0] for 5.4s...
[Sign scan] Nearby S wall at 206 mm
Inspecting S wall in cell (3, 4) at yaw [90.0, 72.0, 108.0] for 5.4s...

[Controller] 🔄 Executing Turn Left (เลี้ยวซ้าย z=+90): z=+180° -> Target Heading: -90°...
[Controller] ✅ Turn Completed: Current Yaw = -89.5° (Target Grid Heading = -90°)


  [Grid Step 1/1] Moving 1 cell forward (0.60 m)...
  [PID Centering] Case 2.1: No Front Wall + Both Side Walls (|L-R| < 2cm) | Lat Err: -11.7 mm | vy: +0.00 m/s | L: 155.24986785676555 mm | R: 143.50407462849137 mm
  [PID Centering] Case 2.2: No Front Wall + Left Wall Only (L +- 2cm) | Lat Err: +40.6 mm | vy: +0.02 m/s | L: 109.43953010871127 mm | R: 239.3039563765561 mm
  [PID Centering] Case 1.2: Front Wall + Left Wall Only (L +- 2cm) | Lat Err: +65.9 mm | vy: +0.04 m/s | L: 84.06241551988603 mm | R: 327.27841758671315 mm
  [Grid Step 1/1 Done] Local Pos: (+2.00m, +1.40m) | Yaw: -90.3° | Sharp L: 84.05440528282054 mm | R: 327.3124433437874 mm | Diff: N/A | ToF: 240.0 mm

[Controller] 🔄 Executing Turn Right (เลี้ยวขวา z=-90): z=-90° -> Target Heading: 0°...
[Controller] ✅ Turn Completed: Current Yaw = -0.5° (Target Grid Heading = 0°)


  [Grid Step 1/1] Moving 1 cell forward (0.60 m)...
  [PID Centering] Case 2.2: No Front Wall + Left Wall Only (L +- 2cm) | Lat Err: -3.4 mm | vy: +0.00 m/s | L: 153.43381953431185 mm | R: 320.8015561762595 mm
  [PID Centering] Case 2.1: No Front Wall + Both Side Walls (|L-R| < 2cm) | Lat Err: +31.8 mm | vy: +0.02 m/s | L: 184.3277664205119 mm | R: 216.14776475357948 mm
  [PID Centering] Case 2.3: No Front Wall + Right Wall Only (R +- 2cm) | Lat Err: +2.1 mm | vy: +0.00 m/s | L: 231.0927963013685 mm | R: 152.141463523913 mm
  [Grid Step 1/1 Done] Local Pos: (+2.61m, +1.35m) | Yaw: -0.2° | Sharp L: 245.9858765224532 mm | R: 151.5528253812244 mm | Diff: N/A | ToF: 967.0 mm

[Controller] 🔄 Executing Turn Left (เลี้ยวซ้าย z=+90): z=+90° -> Target Heading: -90°...
[Controller] ✅ Turn Completed: Current Yaw = -89.1° (Target Grid Heading = -90°)


  [Grid Step 1/1] Moving 1 cell forward (0.60 m)...
  [PID Centering] Case 2.4: Open Space (No Side Walls) | Lat Err: +0.0 mm | vy: +0.00 m/s | L: 349.08920693169614 mm | R: 347.8219412060866 mm
  [PID Centering] Case 2.2: No Front Wall + Left Wall Only (L +- 2cm) | Lat Err: -66.8 mm | vy: -0.03 m/s | L: 216.83283383313753 mm | R: 238.94273143597678 mm
  [PID Centering] Case 2.1: No Front Wall + Both Side Walls (|L-R| < 2cm) | Lat Err: +20.3 mm | vy: +0.01 m/s | L: 188.8586156257403 mm | R: 209.17756079441747 mm
[Camera] Cancel signal received from control.
  [Grid Step 1/1 Done] Local Pos: (+2.61m, +0.84m) | Yaw: -90.2° | Sharp L: 148.14490164948438 mm | R: 165.24984624222492 mm | Diff: -17.1 mm | ToF: 1677.0 mm
[SLAM Error] Cell motion failed: interrupted
Saved 17 confirmed sign mark(s) to the SLAM map.

[RobotSystem] Shutting down multi-threading workers...
[RobotSystem] RoboMaster SDK connection closed.
[TelemetryRecorder] Saved 12364 samples -> /home/nathon/My_Projects/241-251 Robot/Final_Assignment/telemetry_logs/run_detect_20261001_120426_909122/run_detect_20261001_120426_909122_20261001_120426.json & /home/nathon/My_Projects/241-251 Robot/Final_Assignment/telemetry_logs/run_detect_20261001_120426_909122/run_detect_20261001_120426_909122_20261001_120426.csv
[Explore-Detect] 🗺️ บันทึกภาพแผนที่สำเร็จ: /home/nathon/My_Projects/241-251 Robot/Final_Assignment/telemetry_logs/run_detect_20261001_120426_909122/map.png
